00:00 +0: loading /home/alexsander/Área de trabalho/Aplicativos/APPflutter/condogaiaapp/test/features/Representante_Features/leitura/ui/leitura_table_widget_test.dart
00:00 +0: /home/alexsander/Área de trabalho/Aplicativos/APPflutter/condogaiaapp/test/features/Representante_Features/leitura/ui/leitura_table_widget_test.dart: LeituraTableWidget Tests exibe mensagem quando lista está vazia
00:02 +1: /home/alexsander/Área de trabalho/Aplicativos/APPflutter/condogaiaapp/test/features/Representante_Features/leitura/ui/leitura_configuracao_screen_test.dart: LeituraConfiguracaoScreen Tests exibe Loading vazio durante loadConfig
00:02 +2: /home/alexsander/Área de trabalho/Aplicativos/APPflutter/condogaiaapp/test/features/Representante_Features/leitura/ui/leitura_configuracao_screen_test.dart: LeituraConfiguracaoScreen Tests exibe Loading vazio durante loadConfig
00:02 +3: /home/alexsander/Área de trabalho/Aplicativos/APPflutter/condogaiaapp/test/features/Representante_Features/leitura/ui/leitura_configuracao_screen_test.dart: LeituraConfiguracaoScreen Tests exibe Loading vazio durante loadConfig
00:02 +4: /home/alexsander/Área de trabalho/Aplicativos/APPflutter/condogaiaapp/test/features/Representante_Features/leitura/ui/leitura_configuracao_screen_test.dart: LeituraConfiguracaoScreen Tests exibe Loading vazio durante loadConfig
00:02 +5: /home/alexsander/Área de trabalho/Aplicativos/APPflutter/condogaiaapp/test/features/Representante_Features/leitura/ui/leitura_configuracao_screen_test.dart: LeituraConfiguracaoScreen Tests exibe Loading vazio durante loadConfig
00:02 +6: /home/alexsander/Área de trabalho/Aplicativos/APPflutter/condogaiaapp/test/features/Representante_Features/leitura/ui/leitura_configuracao_screen_test.dart: LeituraConfiguracaoScreen Tests exibe Loading vazio durante loadConfig
00:02 +7: /home/alexsander/Área de trabalho/Aplicativos/APPflutter/condogaiaapp/test/features/Representante_Features/leitura/ui/leitura_configuracao_screen_test.dart: LeituraConfiguracaoScreen Tests exibe Loading vazio durante loadConfig
00:02 +8: /home/alexsander/Área de trabalho/Aplicativos/APPflutter/condogaiaapp/test/features/Representante_Features/leitura/ui/leitura_configuracao_screen_test.dart: LeituraConfiguracaoScreen Tests exibe Loading vazio durante loadConfig
00:02 +9: /home/alexsander/Área de trabalho/Aplicativos/APPflutter/condogaiaapp/test/features/Representante_Features/leitura/ui/leitura_configuracao_screen_test.dart: LeituraConfiguracaoScreen Tests exibe Loading vazio durante loadConfig
00:02 +10: /home/alexsander/Área de trabalho/Aplicativos/APPflutter/condogaiaapp/test/features/Representante_Features/leitura/ui/leitura_configuracao_screen_test.dart: LeituraConfiguracaoScreen Tests exibe Loading vazio durante loadConfig
00:02 +11: /home/alexsander/Área de trabalho/Aplicativos/APPflutter/condogaiaapp/test/features/Representante_Features/leitura/ui/leitura_configuracao_screen_test.dart: LeituraConfiguracaoScreen Tests exibe Loading vazio durante loadConfig
00:02 +12: /home/alexsander/Área de trabalho/Aplicativos/APPflutter/condogaiaapp/test/features/Representante_Features/leitura/ui/leitura_configuracao_screen_test.dart: LeituraConfiguracaoScreen Tests exibe Loading vazio durante loadConfig
00:02 +13: /home/alexsander/Área de trabalho/Aplicativos/APPflutter/condogaiaapp/test/features/Representante_Features/leitura/ui/leitura_configuracao_screen_test.dart: LeituraConfiguracaoScreen Tests exibe Loading vazio durante loadConfig
00:03 +14: /home/alexsander/Área de trabalho/Aplicativos/APPflutter/condogaiaapp/test/features/Representante_Features/leitura/ui/leitura_configuracao_screen_test.dart: LeituraConfiguracaoScreen Tests exibe Loading vazio durante loadConfig
00:03 +15: /home/alexsander/Área de trabalho/Aplicativos/APPflutter/condogaiaapp/test/features/Representante_Features/leitura/ui/leitura_configuracao_screen_test.dart: LeituraConfiguracaoScreen Tests exibe Loading vazio durante loadConfig
00:04 +16: /home/alexsander/Área de trabalho/Aplicativos/APPflutter/condogaiaapp/test/features/Representante_Features/leitura/ui/leitura_screen_test.dart: LeituraScreen Tests (Integrating Cubit) renderiza layout básico e carrega dados com sucesso
00:04 +17: /home/alexsander/Área de trabalho/Aplicativos/APPflutter/condogaiaapp/test/features/Representante_Features/leitura/ui/leitura_screen_test.dart: LeituraScreen Tests (Integrating Cubit) renderiza layout básico e carrega dados com sucesso
00:04 +18: /home/alexsander/Área de trabalho/Aplicativos/APPflutter/condogaiaapp/test/features/Representante_Features/leitura/ui/leitura_screen_test.dart: LeituraScreen Tests (Integrating Cubit) renderiza layout básico e carrega dados com sucesso
00:04 +19: /home/alexsander/Área de trabalho/Aplicativos/APPflutter/condogaiaapp/test/features/Representante_Features/leitura/ui/leitura_screen_test.dart: LeituraScreen Tests (Integrating Cubit) renderiza layout básico e carrega dados com sucesso
00:04 +20: /home/alexsander/Área de trabalho/Aplicativos/APPflutter/condogaiaapp/test/features/Representante_Features/leitura/ui/leitura_screen_test.dart: LeituraScreen Tests (Integrating Cubit) renderiza layout básico e carrega dados com sucesso
00:05 +21: /home/alexsander/Área de trabalho/Aplicativos/APPflutter/condogaiaapp/test/features/Representante_Features/leitura/ui/leitura_screen_test.dart: LeituraScreen Tests (Integrating Cubit) renderiza layout básico e carrega dados com sucesso
00:06 +22: /home/alexsander/Área de trabalho/Aplicativos/APPflutter/condogaiaapp/test/features/Representante_Features/leitura/ui/leitura_configuracao_screen_test.dart: LeituraConfiguracaoScreen Tests renderiza config perfeitamente com faixas
00:06 +22: /home/alexsander/Área de trabalho/Aplicativos/APPflutter/condogaiaapp/test/features/Representante_Features/leitura/services/leitura_service_test.dart: LeituraService Tests fetchConfiguracao: deve retornar do cache se existir
Usando cache para configuração Agua do condomínio cond-1
00:06 +22: /home/alexsander/Área de trabalho/Aplicativos/APPflutter/condogaiaapp/test/features/Representante_Features/leitura/ui/leitura_configuracao_screen_test.dart: LeituraConfiguracaoScreen Tests renderiza config perfeitamente com faixas
══╡ EXCEPTION CAUGHT BY FLUTTER TEST FRAMEWORK ╞════════════════════════════════════════════════════
The following TestFailure was thrown running a test:
Expected: exactly one matching candidate
  Actual: _TextWidgetFinder:<Found 0 widgets with text "50.0": []>
   Which: means none were found but one was expected

When the exception was thrown, this was the stack:
#4      main.<anonymous closure>.<anonymous closure> (file:///home/alexsander/%C3%81rea%20de%20trabalho/Aplicativos/APPflutter/condogaiaapp/test/features/Representante_Features/leitura/ui/leitura_configuracao_screen_test.dart:88:7)
<asynchronous suspension>
#5      testWidgets.<anonymous closure>.<anonymous closure> (package:flutter_test/src/widget_tester.dart:192:15)
<asynchronous suspension>
#6      TestWidgetsFlutterBinding._runTestBody (package:flutter_test/src/binding.dart:1682:5)
<asynchronous suspension>
<asynchronous suspension>
(elided one frame from package:stack_trace)

This was caught by the test expectation on the following line:
  file:///home/alexsander/%C3%81rea%20de%20trabalho/Aplicativos/APPflutter/condogaiaapp/test/features/Representante_Features/leitura/ui/leitura_configuracao_screen_test.dart line 88
The test description was:
  renderiza config perfeitamente com faixas
════════════════════════════════════════════════════════════════════════════════════════════════════
00:06 +22 -1: /home/alexsander/Área de trabalho/Aplicativos/APPflutter/condogaiaapp/test/features/Representante_Features/leitura/ui/leitura_screen_test.dart: LeituraScreen Tests (Integrating Cubit) exibe erro no SnackBar quando carregar falha
00:06 +22 -1: /home/alexsander/Área de trabalho/Aplicativos/APPflutter/condogaiaapp/test/features/Representante_Features/leitura/ui/leitura_configuracao_screen_test.dart: LeituraConfiguracaoScreen Tests renderiza config perfeitamente com faixas [E]
  Test failed. See exception logs above.
  The test description was: renderiza config perfeitamente com faixas
  
00:06 +23 -1: /home/alexsander/Área de trabalho/Aplicativos/APPflutter/condogaiaapp/test/features/Representante_Features/leitura/ui/leitura_screen_test.dart: LeituraScreen Tests (Integrating Cubit) exibe erro no SnackBar quando carregar falha
00:06 +23 -1: /home/alexsander/Área de trabalho/Aplicativos/APPflutter/condogaiaapp/test/features/Representante_Features/leitura/services/leitura_service_test.dart: LeituraService Tests fetchConfiguracao: deve buscar do Supabase se cache for nulo
Cache salvo para configuração Agua do condomínio cond-1
00:06 +24 -1: /home/alexsander/Área de trabalho/Aplicativos/APPflutter/condogaiaapp/test/features/Representante_Features/leitura/ui/leitura_screen_test.dart: LeituraScreen Tests (Integrating Cubit) exibe erro no SnackBar quando carregar falha
00:06 +25 -1: /home/alexsander/Área de trabalho/Aplicativos/APPflutter/condogaiaapp/test/features/Representante_Features/leitura/ui/leitura_screen_test.dart: LeituraScreen Tests (Integrating Cubit) exibe erro no SnackBar quando carregar falha
00:07 +25 -1: /home/alexsander/Área de trabalho/Aplicativos/APPflutter/condogaiaapp/test/features/Representante_Features/leitura/services/leitura_service_test.dart: LeituraService Tests fetchUnidades: deve retornar do cache se existir
Usando cache para unidades do condomínio cond-1
00:07 +26 -1: /home/alexsander/Área de trabalho/Aplicativos/APPflutter/condogaiaapp/test/features/Representante_Features/leitura/ui/leitura_screen_test.dart: LeituraScreen Tests (Integrating Cubit) exibe erro no SnackBar quando carregar falha
00:07 +26 -1: /home/alexsander/Área de trabalho/Aplicativos/APPflutter/condogaiaapp/test/features/Representante_Features/leitura/services/leitura_service_test.dart: LeituraService Tests fetchUnidades: deve buscar do Supabase e fazer cache se não existir
Cache salvo para unidades do condomínio cond-1
00:07 +27 -1: /home/alexsander/Área de trabalho/Aplicativos/APPflutter/condogaiaapp/test/features/Representante_Features/leitura/ui/leitura_screen_test.dart: LeituraScreen Tests (Integrating Cubit) exibe erro no SnackBar quando carregar falha
00:07 +28 -1: /home/alexsander/Área de trabalho/Aplicativos/APPflutter/condogaiaapp/test/features/Representante_Features/leitura/ui/leitura_configuracao_screen_test.dart: LeituraConfiguracaoScreen Tests gravar configuração chama mockService.saveConfiguracao
00:08 +29 -1: /home/alexsander/Área de trabalho/Aplicativos/APPflutter/condogaiaapp/test/features/Representante_Features/leitura/ui/leitura_configuracao_screen_test.dart: LeituraConfiguracaoScreen Tests gravar configuração chama mockService.saveConfiguracao
00:08 +30 -1: /home/alexsander/Área de trabalho/Aplicativos/APPflutter/condogaiaapp/test/features/Representante_Features/leitura/ui/leitura_screen_test.dart: LeituraScreen Tests (Integrating Cubit) aba de configuracao mostra configuracoes de preco
00:08 +31 -1: /home/alexsander/Área de trabalho/Aplicativos/APPflutter/condogaiaapp/test/features/Representante_Features/leitura/ui/leitura_screen_test.dart: LeituraScreen Tests (Integrating Cubit) aba de configuracao mostra configuracoes de preco
00:08 +32 -1: /home/alexsander/Área de trabalho/Aplicativos/APPflutter/condogaiaapp/test/features/Representante_Features/leitura/ui/leitura_screen_test.dart: LeituraScreen Tests (Integrating Cubit) aba de configuracao mostra configuracoes de preco
00:08 +33 -1: /home/alexsander/Área de trabalho/Aplicativos/APPflutter/condogaiaapp/test/features/Representante_Features/leitura/ui/leitura_screen_test.dart: LeituraScreen Tests (Integrating Cubit) aba de configuracao mostra configuracoes de preco
00:08 +34 -1: /home/alexsander/Área de trabalho/Aplicativos/APPflutter/condogaiaapp/test/features/Representante_Features/leitura/ui/leitura_screen_test.dart: LeituraScreen Tests (Integrating Cubit) aba de configuracao mostra configuracoes de preco
00:08 +35 -1: /home/alexsander/Área de trabalho/Aplicativos/APPflutter/condogaiaapp/test/features/Representante_Features/leitura/ui/leitura_screen_test.dart: LeituraScreen Tests (Integrating Cubit) aba de configuracao mostra configuracoes de preco
00:08 +36 -1: /home/alexsander/Área de trabalho/Aplicativos/APPflutter/condogaiaapp/test/features/Representante_Features/leitura/ui/leitura_screen_test.dart: LeituraScreen Tests (Integrating Cubit) aba de configuracao mostra configuracoes de preco
00:08 +37 -1: /home/alexsander/Área de trabalho/Aplicativos/APPflutter/condogaiaapp/test/features/Representante_Features/leitura/ui/leitura_screen_test.dart: LeituraScreen Tests (Integrating Cubit) aba de configuracao mostra configuracoes de preco
00:08 +38 -1: /home/alexsander/Área de trabalho/Aplicativos/APPflutter/condogaiaapp/test/features/Representante_Features/leitura/ui/leitura_screen_test.dart: LeituraScreen Tests (Integrating Cubit) aba de configuracao mostra configuracoes de preco
00:08 +39 -1: /home/alexsander/Área de trabalho/Aplicativos/APPflutter/condogaiaapp/test/features/Representante_Features/leitura/ui/leitura_screen_test.dart: LeituraScreen Tests (Integrating Cubit) aba de configuracao mostra configuracoes de preco
00:09 +40 -1: /home/alexsander/Área de trabalho/Aplicativos/APPflutter/condogaiaapp/test/features/Representante_Features/leitura/ui/leitura_screen_test.dart: (tearDownAll)
00:09 +40 -1: Some tests failed.
